// Jest Snapshot v1, https://goo.gl/fbAQLP

exports[`price generator generate longer sin wave 1`] = `
Array [
  "0.00000",
  "0.50000",
  "0.86603",
  "1.00000",
  "0.86603",
  "0.50000",
  "0.00000",
  "-0.50000",
  "-0.86603",
  "-1.00000",
  "-0.86603",
  "-0.50000",
  "-0.00000",
  "0.50000",
  "0.86603",
  "1.00000",
  "0.86603",
  "0.50000",
  "0.00000",
  "-0.50000",
  "-0.86603",
  "-1.00000",
  "-0.86603",
  "-0.50000",
  "-0.00000",
]
`;
