// Jest Snapshot v1, https://goo.gl/fbAQLP

exports[`price solver sin price seq 1`] = `
Array [
  "0.0000",
  "0.5000",
  "0.8660",
  "1.0000",
  "0.8660",
  "0.5000",
  "0.0000",
  "-0.5000",
  "-0.8660",
  "-1.0000",
  "-0.8660",
  "-0.5000",
  "-0.0000",
  "0.5000",
  "0.8660",
  "1.0000",
  "0.8660",
  "0.5000",
  "0.0000",
]
`;
